Type mismatch at ident-syntax.kl:6.19-6.23. Expected String but got Syntax
