Unknown pattern #[word-syntax.kl:11.14-11.25]<(word int)>
